
  Syntax error!
  tests/parsing/errors/typeDef/typeDef.res:1:15-2:3

  1 │ type rec stack
  2 │   | Empty
  3 │ 
  4 │ // name cannot contain module access paths

  Did you forget a `=` here?


  Syntax error!
  tests/parsing/errors/typeDef/typeDef.res:5:6-12

  3 │ 
  4 │ // name cannot contain module access paths
  5 │ type Foo.bar = string
  6 │ 
  7 │ // missing type

  A type declaration's name cannot contain a module access. Did you mean `bar`?


  Syntax error!
  tests/parsing/errors/typeDef/typeDef.res:11:1-4

   9 │ 
  10 │ // missing type
  11 │ type state =
  12 │ 
  13 │ // name cannot be capitalized

  Missing a type here


  Syntax error!
  tests/parsing/errors/typeDef/typeDef.res:14:1-4

  12 │ 
  13 │ // name cannot be capitalized
  14 │ type User = string
  15 │ 

  Missing a type here


  Syntax error!
  tests/parsing/errors/typeDef/typeDef.res:14:6-9

  12 │ 
  13 │ // name cannot be capitalized
  14 │ type User = string
  15 │ 

  Type names need to start with a lower-cased letter.

type stack =
  | Empty 
type nonrec bar = string
type nonrec t = [%rescript.typehole ]
type nonrec state = [%rescript.typehole ]
type nonrec User = string